
> my-app@0.0.0 build
> tsc -b && vite build

[36mvite v7.3.0 [32mbuilding client environment for production...[36m[39m
transforming...
[32mΓ£ô[39m 2901 modules transformed.
rendering chunks...
computing gzip size...
[2mbuild/[22m[32mindex.html                 [39m[1m[2m    0.43 kB[22m[1m[22m[2m Γöé gzip:   0.29 kB[22m
[2mbuild/[22m[35massets/index-CZE6vka6.css  [39m[1m[2m   98.41 kB[22m[1m[22m[2m Γöé gzip:  16.17 kB[22m
[2mbuild/[22m[36massets/index-BeQQEgjy.js   [39m[1m[33m1,665.73 kB[39m[22m[2m Γöé gzip: 473.07 kB[22m
[32mΓ£ô built in 18m 27s[39m
